// Jest Snapshot v1, https://goo.gl/fbAQLP

exports[`AppRegistry getApplication "getStyleElement" produces styles that are a function of rendering "element": Additional CSS for styled app 1`] = `
"
.rn-backgroundColor-aot4c7{background-color:rgba(128,0,128,1.00)}
.rn-borderTopWidth-10pzpfo{border-top-width:1234px}
.rn-borderRightWidth-1y24uml{border-right-width:1234px}
.rn-borderBottomWidth-98wxn4{border-bottom-width:1234px}
.rn-borderLeftWidth-150mub4{border-left-width:1234px}"
`;

exports[`AppRegistry getApplication "getStyleElement" produces styles that are a function of rendering "element": CSS for an unstyled app 1`] = `
"@media all{
html{-ms-text-size-adjust:100%;-webkit-text-size-adjust:100%;-webkit-tap-highlight-color:rgba(0,0,0,0);}
body{margin:0;}
button::-moz-focus-inner,input::-moz-focus-inner{border:0;padding:0;}
input::-webkit-inner-spin-button,input::-webkit-outer-spin-button,input::-webkit-search-cancel-button,input::-webkit-search-decoration,input::-webkit-search-results-button,input::-webkit-search-results-decoration{display:none;}
.ui-base{background-color:transparent;color:inherit;font:inherit;list-style:none;margin:0;text-align:inherit;text-decoration:none;}
.ui-pressable{cursor:pointer;}
}
.rn-pointerEvents-12vffkv > *{pointer-events:auto}
.rn-pointerEvents-12vffkv{pointer-events:none !important}
.rn-flexGrow-16y2uox{-ms-flex-positive:1;-webkit-box-flex:1;-webkit-flex-grow:1;flex-grow:1}
.rn-flexShrink-1wbh5a2{-ms-flex-negative:1;-webkit-flex-shrink:1;flex-shrink:1}
.rn-flexBasis-1ro0kt6{-ms-flex-preferred-size:0%;-webkit-flex-basis:0%;flex-basis:0%}"
`;

exports[`AppRegistry getApplication returns "element" and "getStyleElement" 1`] = `
<AppContainer
  WrapperComponent={undefined}
  rootTag={Object {}}
>
  <RootComponent />
</AppContainer>
`;

exports[`AppRegistry getApplication returns "element" and "getStyleElement" 2`] = `
"<style id=\\"react-native-stylesheet\\">@media all{
html{-ms-text-size-adjust:100%;-webkit-text-size-adjust:100%;-webkit-tap-highlight-color:rgba(0,0,0,0);}
body{margin:0;}
button::-moz-focus-inner,input::-moz-focus-inner{border:0;padding:0;}
input::-webkit-inner-spin-button,input::-webkit-outer-spin-button,input::-webkit-search-cancel-button,input::-webkit-search-decoration,input::-webkit-search-results-button,input::-webkit-search-results-decoration{display:none;}
.ui-base{background-color:transparent;color:inherit;font:inherit;list-style:none;margin:0;text-align:inherit;text-decoration:none;}
.ui-pressable{cursor:pointer;}
}
.rn-view-1d2if7t{-ms-flex-align:stretch;-ms-flex-direction:column;-ms-flex-negative:0;-ms-flex-preferred-size:auto;-webkit-align-items:stretch;-webkit-box-align:stretch;-webkit-box-direction:normal;-webkit-box-orient:vertical;-webkit-flex-basis:auto;-webkit-flex-direction:column;-webkit-flex-shrink:0;align-items:stretch;background-color:transparent;border:0 solid black;box-sizing:border-box;color:inherit;display:-webkit-box;display:-moz-box;display:-ms-flexbox;display:-webkit-flex;display:flex;flex-basis:auto;flex-direction:column;flex-shrink:0;font:inherit;list-style:none;margin:0px;min-height:0px;min-width:0px;padding:0px;position:relative;text-align:inherit;text-decoration:none;z-index:0}
.rn-hitSlop-1be6dej{bottom:0px;left:0px;position:absolute;right:0px;top:0px;z-index:-1}
.rn-text-1ogs4z5{background-color:transparent;border-width:0px;box-sizing:border-box;color:inherit;display:inline;font:14px system-ui, -apple-system, BlinkMacSystemFont, \\"Segoe UI\\", Roboto, Ubuntu, \\"Helvetica Neue\\", sans-serif;margin:0px;padding:0px;text-align:inherit;text-decoration:none;white-space:pre-wrap;word-wrap:break-word}
.rn-textinput-wwmj4d{-moz-appearance:textfield;-webkit-appearance:none;background-color:transparent;border-radius:0px;border:0 solid black;box-sizing:border-box;font-family:14px System;padding:0px;resize:none}</style>"
`;
