// Jest Snapshot v1, https://goo.gl/fbAQLP

exports[`modules/createDOMProps includes "rel" values for "a" elements (to securely open external links) 1`] = `" noopener noreferrer"`;

exports[`modules/createDOMProps includes base reset style for browser-styled elements 1`] = `"ui-base"`;

exports[`modules/createDOMProps includes base reset style for browser-styled elements 2`] = `"ui-base"`;

exports[`modules/createDOMProps includes base reset style for browser-styled elements 3`] = `"ui-base"`;

exports[`modules/createDOMProps includes base reset style for browser-styled elements 4`] = `"ui-base"`;

exports[`modules/createDOMProps includes cursor style for pressable roles 1`] = `"ui-pressable"`;

exports[`modules/createDOMProps includes cursor style for pressable roles 2`] = `"ui-pressable"`;
